// Jest Snapshot v1, https://goo.gl/fbAQLP

exports[`BooleanControlRenderer.vue should render component and match snapshot 1`] = `
<div data-app="true"
     class="v-application v-application--is-ltr theme--light"
     id="app"
>
  <div class="v-application--wrap">
    <div id="#"
         class="control"
         appliedoptions="[object Object]"
         errors
         label="My Boolean"
    >
      <div class="v-input v-input--is-label-active v-input--is-dirty theme--light v-input--selection-controls v-input--checkbox primary--text input">
        <div class="v-input__control">
          <div class="v-input__slot">
            <div class="v-input--selection-controls__input">
              <i aria-hidden="true"
                 class="v-icon notranslate mdi mdi-checkbox-marked theme--light primary--text"
              >
              </i>
              <input aria-checked="true"
                     id="#-input"
                     role="checkbox"
                     type="checkbox"
                     placeholder="boolean placeholder"
                     value="true"
              >
              <div class="v-input--selection-controls__ripple primary--text">
              </div>
            </div>
            <label for="#-input"
                   class="v-label theme--light"
                   style="left: 0px; position: relative;"
            >
              My Boolean
            </label>
          </div>
          <div class="v-messages theme--light primary--text">
            <transition-group-stub tag="div"
                                   name="message-transition"
                                   class="v-messages__wrapper"
            >
            </transition-group-stub>
          </div>
        </div>
      </div>
    </div>
  </div>
</div>
`;
