// Jest Snapshot v1, https://goo.gl/fbAQLP

exports[`MultiStringControlRenderer.vue should render component and match snapshot 1`] = `
<div data-app="true"
     class="v-application v-application--is-ltr theme--light"
     id="app"
>
  <div class="v-application--wrap">
    <div id="#"
         class="control"
         appliedoptions="[object Object]"
         errors
         label="My Multi String"
    >
      <div class="v-input v-textarea v-input--is-label-active v-input--is-dirty theme--light v-text-field v-text-field--placeholder input">
        <div class="v-input__control">
          <div class="v-input__slot">
            <div class="v-text-field__slot">
              <label for="#-input"
                     class="v-label v-label--active theme--light"
                     style="left: 0px; position: absolute;"
              >
                My Multi String
              </label>
              <textarea disabled-icon-focus
                        multi-line
                        id="#-input"
                        rows="5"
              >
              </textarea>
            </div>
          </div>
          <div class="v-text-field__details">
            <div class="v-messages theme--light">
              <transition-group-stub tag="div"
                                     name="message-transition"
                                     class="v-messages__wrapper"
              >
              </transition-group-stub>
            </div>
          </div>
        </div>
      </div>
    </div>
  </div>
</div>
`;
